// Jest Snapshot v1, https://goo.gl/fbAQLP

exports[`Icon component sanity matches default snapshot 1`] = `
Object {
  "asFragment": [Function],
  "baseElement": <body>
    <div>
      <div
        class="sc-AxhCb gggetY"
      >
        <svg
          class="sc-fzolEj dMMvxZ"
          color="#0C0C0D"
          fill="none"
          height="1em"
          viewBox="0 0 24 24"
          width="1em"
        >
          <path
            d="M12 24c6.627 0 12-5.373 12-12S18.627 0 12 0 0 5.373 0 12s5.373 12 12 12z"
            fill="currentColor"
          />
          <path
            d="M12 15.243l4.5-2.662-4.5 6.343-4.5-6.342 4.5 2.662v-.001zm0-10.74l4.5 7.087-4.5 2.662-4.5-2.662L12 4.502z"
            fill="#fff"
          />
        </svg>
      </div>
    </div>
  </body>,
  "container": <div>
    <div
      class="sc-AxhCb gggetY"
    >
      <svg
        class="sc-fzolEj dMMvxZ"
        color="#0C0C0D"
        fill="none"
        height="1em"
        viewBox="0 0 24 24"
        width="1em"
      >
        <path
          d="M12 24c6.627 0 12-5.373 12-12S18.627 0 12 0 0 5.373 0 12s5.373 12 12 12z"
          fill="currentColor"
        />
        <path
          d="M12 15.243l4.5-2.662-4.5 6.343-4.5-6.342 4.5 2.662v-.001zm0-10.74l4.5 7.087-4.5 2.662-4.5-2.662L12 4.502z"
          fill="#fff"
        />
      </svg>
    </div>
  </div>,
  "debug": [Function],
  "findAllByAltText": [Function],
  "findAllByDisplayValue": [Function],
  "findAllByLabelText": [Function],
  "findAllByPlaceholderText": [Function],
  "findAllByRole": [Function],
  "findAllByTestId": [Function],
  "findAllByText": [Function],
  "findAllByTitle": [Function],
  "findByAltText": [Function],
  "findByDisplayValue": [Function],
  "findByLabelText": [Function],
  "findByPlaceholderText": [Function],
  "findByRole": [Function],
  "findByTestId": [Function],
  "findByText": [Function],
  "findByTitle": [Function],
  "getAllByAltText": [Function],
  "getAllByDisplayValue": [Function],
  "getAllByLabelText": [Function],
  "getAllByPlaceholderText": [Function],
  "getAllByRole": [Function],
  "getAllByTestId": [Function],
  "getAllByText": [Function],
  "getAllByTitle": [Function],
  "getByAltText": [Function],
  "getByDisplayValue": [Function],
  "getByLabelText": [Function],
  "getByPlaceholderText": [Function],
  "getByRole": [Function],
  "getByTestId": [Function],
  "getByText": [Function],
  "getByTitle": [Function],
  "queryAllByAltText": [Function],
  "queryAllByDisplayValue": [Function],
  "queryAllByLabelText": [Function],
  "queryAllByPlaceholderText": [Function],
  "queryAllByRole": [Function],
  "queryAllByTestId": [Function],
  "queryAllByText": [Function],
  "queryAllByTitle": [Function],
  "queryByAltText": [Function],
  "queryByDisplayValue": [Function],
  "queryByLabelText": [Function],
  "queryByPlaceholderText": [Function],
  "queryByRole": [Function],
  "queryByTestId": [Function],
  "queryByText": [Function],
  "queryByTitle": [Function],
  "rerender": [Function],
  "unmount": [Function],
}
`;

exports[`Icon component sanity matches themed snapshot 1`] = `
Object {
  "asFragment": [Function],
  "baseElement": <body>
    <div>
      <div
        class="sc-AxhCb gggetY"
      >
        <svg
          class="sc-fzolEj dMMvxZ"
          color="#0C0C0D"
          fill="none"
          height="1em"
          viewBox="0 0 24 24"
          width="1em"
        >
          <path
            d="M12 24c6.627 0 12-5.373 12-12S18.627 0 12 0 0 5.373 0 12s5.373 12 12 12z"
            fill="currentColor"
          />
          <path
            d="M12 15.243l4.5-2.662-4.5 6.343-4.5-6.342 4.5 2.662v-.001zm0-10.74l4.5 7.087-4.5 2.662-4.5-2.662L12 4.502z"
            fill="#fff"
          />
        </svg>
      </div>
    </div>
  </body>,
  "container": <div>
    <div
      class="sc-AxhCb gggetY"
    >
      <svg
        class="sc-fzolEj dMMvxZ"
        color="#0C0C0D"
        fill="none"
        height="1em"
        viewBox="0 0 24 24"
        width="1em"
      >
        <path
          d="M12 24c6.627 0 12-5.373 12-12S18.627 0 12 0 0 5.373 0 12s5.373 12 12 12z"
          fill="currentColor"
        />
        <path
          d="M12 15.243l4.5-2.662-4.5 6.343-4.5-6.342 4.5 2.662v-.001zm0-10.74l4.5 7.087-4.5 2.662-4.5-2.662L12 4.502z"
          fill="#fff"
        />
      </svg>
    </div>
  </div>,
  "debug": [Function],
  "findAllByAltText": [Function],
  "findAllByDisplayValue": [Function],
  "findAllByLabelText": [Function],
  "findAllByPlaceholderText": [Function],
  "findAllByRole": [Function],
  "findAllByTestId": [Function],
  "findAllByText": [Function],
  "findAllByTitle": [Function],
  "findByAltText": [Function],
  "findByDisplayValue": [Function],
  "findByLabelText": [Function],
  "findByPlaceholderText": [Function],
  "findByRole": [Function],
  "findByTestId": [Function],
  "findByText": [Function],
  "findByTitle": [Function],
  "getAllByAltText": [Function],
  "getAllByDisplayValue": [Function],
  "getAllByLabelText": [Function],
  "getAllByPlaceholderText": [Function],
  "getAllByRole": [Function],
  "getAllByTestId": [Function],
  "getAllByText": [Function],
  "getAllByTitle": [Function],
  "getByAltText": [Function],
  "getByDisplayValue": [Function],
  "getByLabelText": [Function],
  "getByPlaceholderText": [Function],
  "getByRole": [Function],
  "getByTestId": [Function],
  "getByText": [Function],
  "getByTitle": [Function],
  "queryAllByAltText": [Function],
  "queryAllByDisplayValue": [Function],
  "queryAllByLabelText": [Function],
  "queryAllByPlaceholderText": [Function],
  "queryAllByRole": [Function],
  "queryAllByTestId": [Function],
  "queryAllByText": [Function],
  "queryAllByTitle": [Function],
  "queryByAltText": [Function],
  "queryByDisplayValue": [Function],
  "queryByLabelText": [Function],
  "queryByPlaceholderText": [Function],
  "queryByRole": [Function],
  "queryByTestId": [Function],
  "queryByText": [Function],
  "queryByTitle": [Function],
  "rerender": [Function],
  "unmount": [Function],
}
`;
